Model: 
  EntityType: MigrationProgress
    Properties: 
      Id (Guid) Required PK AfterSave:Throw ValueGenerated.OnAdd
        Annotations: 
          Npgsql:ValueGenerationStrategy: None
      CompletedAt (DateTimeOffset?)
        Annotations: 
          Npgsql:ValueGenerationStrategy: None
      CycleId (string) Required Index MaxLength(200)
        Annotations: 
          MaxLength: 200
          Npgsql:ValueGenerationStrategy: None
      Error (string) MaxLength(4000)
        Annotations: 
          MaxLength: 4000
          Npgsql:ValueGenerationStrategy: None
      LastCursor (string) MaxLength(2000)
        Annotations: 
          MaxLength: 2000
          Npgsql:ValueGenerationStrategy: None
      Phase (MigrationPhase) Required MaxLength(20)
        Annotations: 
          MaxLength: 20
          Npgsql:ValueGenerationStrategy: None
          ProviderClrType: System.String
      ProcessedRows (long) Required ValueGenerated.OnAdd
        Annotations: 
          Npgsql:ValueGenerationStrategy: None
          Relational:DefaultValue: 0
      StartedAt (DateTimeOffset?)
        Annotations: 
          Npgsql:ValueGenerationStrategy: None
      Status (MigrationStatus) Required MaxLength(20)
        Annotations: 
          MaxLength: 20
          Npgsql:ValueGenerationStrategy: None
          ProviderClrType: System.String
      TenantId (Guid?) Index
        Annotations: 
          Npgsql:ValueGenerationStrategy: None
      TotalRows (long?)
        Annotations: 
          Npgsql:ValueGenerationStrategy: None
    Keys: 
      Id PK
    Indexes: 
      CycleId, TenantId Unique
        Annotations: 
          Relational:Name: uq_data_migration_progress
    Annotations: 
      Relational:FunctionName: 
      Relational:Schema: 
      Relational:SqlQuery: 
      Relational:TableName: data_migration_progress
      Relational:ViewName: 
      Relational:ViewSchema: 
Annotations: 
  Npgsql:ValueGenerationStrategy: IdentityByDefaultColumn
  ProductVersion: 10.0.10
  Relational:MaxIdentifierLength: 63

Query filters:
