Model: 
  EntityType: Tenant
    Properties: 
      Id (Guid) Required PK AfterSave:Throw ValueGenerated.OnAdd
        Annotations: 
          Npgsql:ValueGenerationStrategy: None
      Activated (bool) Required
        Annotations: 
          Npgsql:ValueGenerationStrategy: None
      ConcurrencyStamp (string) Required Concurrency MaxLength(36)
        Annotations: 
          MaxLength: 36
          Npgsql:ValueGenerationStrategy: None
      ContactEmail (string) MaxLength(256)
        Annotations: 
          MaxLength: 256
          Npgsql:ValueGenerationStrategy: None
      CreatedAt (DateTimeOffset) Required
        Annotations: 
          Npgsql:ValueGenerationStrategy: None
      CreatedBy (string) Required MaxLength(450)
        Annotations: 
          MaxLength: 450
          Npgsql:ValueGenerationStrategy: None
      CustomDomain (string) Index MaxLength(253)
        Annotations: 
          MaxLength: 253
          Npgsql:ValueGenerationStrategy: None
      DeletedAt (DateTimeOffset?)
        Annotations: 
          Npgsql:ValueGenerationStrategy: None
      DeletedBy (string) MaxLength(450)
        Annotations: 
          MaxLength: 450
          Npgsql:ValueGenerationStrategy: None
      Identifier (string) Required Index MaxLength(64)
        Annotations: 
          MaxLength: 64
          Npgsql:ValueGenerationStrategy: None
      IsDeleted (bool) Required
        Annotations: 
          Npgsql:ValueGenerationStrategy: None
      Jurisdiction (string) MaxLength(16)
        Annotations: 
          MaxLength: 16
          Npgsql:ValueGenerationStrategy: None
      ModifiedAt (DateTimeOffset?)
        Annotations: 
          Npgsql:ValueGenerationStrategy: None
      ModifiedBy (string) MaxLength(450)
        Annotations: 
          MaxLength: 450
          Npgsql:ValueGenerationStrategy: None
      Name (string) Required MaxLength(256)
        Annotations: 
          MaxLength: 256
          Npgsql:ValueGenerationStrategy: None
    Keys: 
      Id PK
    Indexes: 
      CustomDomain Unique
        Annotations: 
          Relational:Filter: "CustomDomain" IS NOT NULL
          Relational:Name: uq_tenants_custom_domain
      Identifier Unique
        Annotations: 
          Relational:Name: uq_tenants_identifier
    Annotations: 
      QueryFilter: Microsoft.EntityFrameworkCore.Metadata.Internal.QueryFilterCollection
      Relational:FunctionName: 
      Relational:Schema: 
      Relational:SqlQuery: 
      Relational:TableName: tenants_tenants
      Relational:ViewName: 
      Relational:ViewSchema: 
Annotations: 
  Npgsql:ValueGenerationStrategy: IdentityByDefaultColumn
  ProductVersion: 10.0.10
  Relational:MaxIdentifierLength: 63

Query filters:
  Tenant[SoftDelete]: e => (Not(value(Granit.MultiTenancy.EntityFrameworkCore.Internal.MultiTenancyDbContext).IsSoftDeleteFilterEnabled) OrElse Not(Property(e, "IsDeleted")))
