Model: 
  EntityType: BffSessionEntity
    Properties: 
      Id (Guid) Required PK AfterSave:Throw
        Annotations: 
          Npgsql:ValueGenerationStrategy: None
      CreatedAt (DateTimeOffset) Required
        Annotations: 
          Npgsql:ValueGenerationStrategy: None
      ExpiresAt (DateTimeOffset) Required Index
        Annotations: 
          Npgsql:ValueGenerationStrategy: None
      FrontendName (string) Required Index MaxLength(64)
        Annotations: 
          MaxLength: 64
          Npgsql:ValueGenerationStrategy: None
      IpAddress (string) MaxLength(256)
        Annotations: 
          MaxLength: 256
          Npgsql:ValueGenerationStrategy: None
      LastAccessedAt (DateTimeOffset?)
        Annotations: 
          Npgsql:ValueGenerationStrategy: None
      SerializedTokens (string) Required
        Annotations: 
          Npgsql:ValueGenerationStrategy: None
      SessionId (string) Required Index MaxLength(64)
        Annotations: 
          MaxLength: 64
          Npgsql:ValueGenerationStrategy: None
      UserId (string) Index MaxLength(128)
        Annotations: 
          MaxLength: 128
          Npgsql:ValueGenerationStrategy: None
    Keys: 
      Id PK
    Indexes: 
      ExpiresAt
      FrontendName, SessionId Unique
      FrontendName, UserId
    Annotations: 
      Relational:FunctionName: 
      Relational:Schema: 
      Relational:SqlQuery: 
      Relational:TableName: bff_sessions
      Relational:ViewName: 
      Relational:ViewSchema: 
Annotations: 
  Npgsql:ValueGenerationStrategy: IdentityByDefaultColumn
  ProductVersion: 10.0.10
  Relational:MaxIdentifierLength: 63

Query filters:
