Model: 
  EntityType: BackgroundJobDefinition
    Properties: 
      Id (Guid) Required PK AfterSave:Throw ValueGenerated.OnAdd
        Annotations: 
          Npgsql:ValueGenerationStrategy: None
      ConsecutiveFailureCount (int) Required ValueGenerated.OnAdd
        Annotations: 
          Npgsql:ValueGenerationStrategy: None
          Relational:DefaultValue: 0
      CronExpression (string) Required MaxLength(100)
        Annotations: 
          MaxLength: 100
          Npgsql:ValueGenerationStrategy: None
      IsEnabled (bool) Required Sentinel:True ValueGenerated.OnAdd
        Annotations: 
          Npgsql:ValueGenerationStrategy: None
          Relational:DefaultValue: True
      JobName (string) Required Index MaxLength(200)
        Annotations: 
          MaxLength: 200
          Npgsql:ValueGenerationStrategy: None
      LastErrorMessage (string) MaxLength(2000)
        Annotations: 
          MaxLength: 2000
          Npgsql:ValueGenerationStrategy: None
      LastExecutedAt (DateTimeOffset?)
        Annotations: 
          Npgsql:ValueGenerationStrategy: None
      MessageType (string) Required MaxLength(500)
        Annotations: 
          MaxLength: 500
          Npgsql:ValueGenerationStrategy: None
      NextExecutionAt (DateTimeOffset?)
        Annotations: 
          Npgsql:ValueGenerationStrategy: None
      TriggeredBy (string) MaxLength(450)
        Annotations: 
          MaxLength: 450
          Npgsql:ValueGenerationStrategy: None
    Keys: 
      Id PK
    Indexes: 
      JobName Unique
        Annotations: 
          Relational:Name: uq_background_jobs_background_jobs_name
    Annotations: 
      Relational:FunctionName: 
      Relational:Schema: 
      Relational:SqlQuery: 
      Relational:TableName: background_jobs_background_jobs
      Relational:ViewName: 
      Relational:ViewSchema: 
Annotations: 
  Npgsql:ValueGenerationStrategy: IdentityByDefaultColumn
  ProductVersion: 10.0.10
  Relational:MaxIdentifierLength: 63

Query filters:
